// Vitest Snapshot v1, https://vitest.dev/guide/snapshot.html

exports[`application > renders template 1`] = `
<div>
  <div>
    <div>
      Intercom Provider
    </div>
    <div>
      <div
        class=""
        style="position: fixed; top: 0px; left: 0px; height: 2px; background: transparent; z-index: 99999999999; width: 100%;"
      >
        <div
          class=""
          style="height: 100%; background: rgb(241, 25, 70); transition: all 500ms ease; width: 100%;"
        >
          <div
            style="box-shadow: 0 0 10px #f11946, 0 0 10px #f11946; width: 5%; opacity: 1; position: absolute; height: 100%; transition: all 500ms ease; transform: rotate(3deg) translate(0px, -4px); left: 90%;"
          />
        </div>
      </div>
      <div
        class="Toastify"
      />
    </div>
    <div
      class=""
      style="position: fixed; top: 0px; left: 0px; height: 2px; background: transparent; z-index: 99999999999; width: 100%;"
    >
      <div
        class=""
        style="height: 100%; background: rgb(241, 25, 70); transition: all 500ms ease; width: 100%;"
      >
        <div
          style="box-shadow: 0 0 10px #f11946, 0 0 10px #f11946; width: 5%; opacity: 1; position: absolute; height: 100%; transition: all 500ms ease; transform: rotate(3deg) translate(0px, -4px); left: 90%;"
        />
      </div>
    </div>
  </div>
</div>
`;
